======================================================================
train_k11 — Modelo Bayesiano Hierárquico K=11
SEED=42 | K=11 | jax backend=gpu | devices=1 | draws=10 tune=10 chains=2 | out=smoke
======================================================================
[1/8] Lendo spotify_tracks_limpo.parquet ...
      Removidos 5969 faixas não-musicais. Restantes: 83,771
[2/8] Construindo K=11 e dropna ...
      dropna: 19 removidos. Restantes: 83,752
[3/8] Z-score + log1p(target) ...
      X.shape=(83752, 11), y_log.shape=(83752,)
      #generos: 107
      [checkpoint] scaler/feature_names/genero_cats salvos em artifacts/smoke
[4/8] Split 70/15/15 ...
      train=58,626 | val=12,562 | test=12,564
[5/8] Construindo modelo PyMC ...
      coords: genero=107, feature=11
[6/8] Ajustando NUTS (numpyro, 2 chains, draws=10, tune=10) ...
Only 10 samples per chain. Reliable r-hat and ESS diagnostics require longer chains for accurate estimate.
NUTS[numpyro]: [mu_alpha, sigma_alpha, mu_beta, sigma_beta, z_alpha, z_beta, sigma_y]
/usr/local/lib/python3.13/dist-packages/pymc/sampling/jax.py:463: UserWarning: There are not enough devices to run parallel chains: expected 2 but got 1. Chains will be drawn sequentially. If you are running MCMC in CPU, consider using `numpyro.set_host_device_count(2)` at the beginning of your program. You can double-check how many devices are available in your system using `jax.local_device_count()`.
  pmap_numpyro = MCMC(
