================================================================================
Q6 - POR QUE ARTISTAS COM MESMAS FEATURES DE AUDIO NAO SAO FAMOSOS?
================================================================================
Total de faixas: 89,740
Total de artistas unicos: 17,648

Artistas com >= 5 faixas: 4,655
Faixas correspondentes: 66,919 (74.6% do total)
Artistas apos agregacao: 4,655

================================================================================
CLUSTERING K-MEANS (k=5..10)
================================================================================
  k=5: silhouette = 0.2130
  k=6: silhouette = 0.2269
  k=7: silhouette = 0.2368
  k=8: silhouette = 0.1947
  k=9: silhouette = 0.2102
  k=10: silhouette = 0.1975

Melhor k (silhouette): 7 (score=0.2368)
Usando k=5 para a analise abaixo (consistente com requisito minimo).

Tamanho dos clusters:
  Cluster 0: 59 artistas (1.3%)
  Cluster 1: 1848 artistas (39.7%)
  Cluster 2: 1141 artistas (24.5%)
  Cluster 3: 313 artistas (6.7%)
  Cluster 4: 1294 artistas (27.8%)

Centroides (medias) de features de audio por cluster:
         danceability  energy  loudness  speechiness  acousticness  instrumentalness  liveness  valence    tempo
cluster                                                                                                         
0               0.549   0.734   -11.282        0.896         0.801             0.000     0.760    0.404   95.092
1               0.668   0.712    -6.675        0.096         0.233             0.061     0.216    0.631  122.708
2               0.546   0.440   -10.114        0.060         0.585             0.098     0.190    0.428  116.598
3               0.359   0.239   -19.475        0.055         0.787             0.743     0.182    0.187  107.902
4               0.475   0.832    -5.871        0.084         0.060             0.260     0.232    0.336  133.339

================================================================================
COMPARACAO TOP 25% vs BOTTOM 25% POR CLUSTER
================================================================================

--- Cluster 0 (n=59) ---
  Q25 popularidade = 21.60, Q75 = 23.62
  Top 25%: 15 artistas | Bottom 25%: 16 artistas
  Pop media (top): 26.29 +/- 5.12
  Pop media (bot): 21.22 +/- 0.35

--- Cluster 1 (n=1848) ---
  Q25 popularidade = 22.77, Q75 = 45.73
  Top 25%: 462 artistas | Bottom 25%: 462 artistas
  Pop media (top): 55.82 +/- 8.33
  Pop media (bot): 11.80 +/- 7.35

--- Cluster 2 (n=1141) ---
  Q25 popularidade = 22.17, Q75 = 47.17
  Top 25%: 286 artistas | Bottom 25%: 286 artistas
  Pop media (top): 56.26 +/- 6.36
  Pop media (bot): 11.99 +/- 7.89

--- Cluster 3 (n=313) ---
  Q25 popularidade = 15.71, Q75 = 38.89
  Top 25%: 79 artistas | Bottom 25%: 79 artistas
  Pop media (top): 48.39 +/- 6.35
  Pop media (bot): 5.73 +/- 5.99

--- Cluster 4 (n=1294) ---
  Q25 popularidade = 21.60, Q75 = 43.38
  Top 25%: 324 artistas | Bottom 25%: 325 artistas
  Pop media (top): 52.06 +/- 6.60
  Pop media (bot): 14.42 +/- 6.21

================================================================================
CORRECAO FDR (Benjamini-Hochberg) - somente sobre p-validos
================================================================================
Total de testes com p-value valido: 25
Significativos apos FDR (alpha=0.01): 14 de 25

================================================================================
RELATORIO DETALHADO POR CLUSTER (somente significativos p_fdr<0.01)
================================================================================

############ CLUSTER 0 (n=59) ############
  Q25=21.60, Q75=23.62
  Top 25% n=15 | Bot 25% n=16
  Pop media: top=26.29, bot=21.22
  Nenhuma diferenca estatisticamente significativa (FDR<0.01).

############ CLUSTER 1 (n=1848) ############
  Q25=22.77, Q75=45.73
  Top 25% n=462 | Bot 25% n=462
  Pop media: top=55.82, bot=11.80
  * n_generos: p=1.89e-06, p_fdr=5.24e-06
      top median=1.000, bot median=1.000, diff_abs=-0.003
  * n_artistas: p=3.52e-04, p_fdr=6.77e-04
      top median=1.367, bot median=1.231, diff_abs=+0.166
  * explicit_rate: p=7.98e-07, p_fdr=2.49e-06
      top median=0.000, bot median=0.000, diff_abs=+0.094
  * n_tracks: p=1.93e-05, p_fdr=4.03e-05
      top median=9.000, bot median=10.000, diff_abs=-2.911
  * genero_dominante: chi2=563.57, dof=86, p=2.76e-71, p_fdr=6.89e-70
      deep-house: top=31 (6.7%), bot=1 (0.2%), lift=+31.00x
      sad: top=20 (4.3%), bot=1 (0.2%), lift=+20.00x
      electronic: top=14 (3.0%), bot=1 (0.2%), lift=+14.00x
      emo: top=13 (2.8%), bot=1 (0.2%), lift=+13.00x
      progressive-house: top=10 (2.2%), bot=1 (0.2%), lift=+10.00x

############ CLUSTER 2 (n=1141) ############
  Q25=22.17, Q75=47.17
  Top 25% n=286 | Bot 25% n=286
  Pop media: top=56.26, bot=11.99
  * n_generos: p=1.56e-10, p_fdr=6.49e-10
      top median=1.102, bot median=1.000, diff_abs=+0.126
  * explicit_rate: p=4.85e-08, p_fdr=1.73e-07
      top median=0.000, bot median=0.000, diff_abs=+0.068
  * genero_dominante: chi2=403.23, dof=71, p=6.12e-48, p_fdr=5.10e-47
      acoustic: top=21 (7.3%), bot=2 (0.7%), lift=+10.50x
      world-music: top=5 (1.7%), bot=1 (0.3%), lift=+5.00x
      british: top=9 (3.1%), bot=2 (0.7%), lift=+4.50x
      rock-n-roll: top=4 (1.4%), bot=1 (0.3%), lift=+4.00x
      synth-pop: top=4 (1.4%), bot=1 (0.3%), lift=+4.00x

############ CLUSTER 3 (n=313) ############
  Q25=15.71, Q75=38.89
  Top 25% n=79 | Bot 25% n=79
  Pop media: top=48.39, bot=5.73
  * n_generos: p=1.67e-05, p_fdr=3.80e-05
      top median=1.000, bot median=1.000, diff_abs=+0.105
  * n_artistas: p=5.55e-06, p_fdr=1.39e-05
      top median=1.000, bot median=1.400, diff_abs=-0.746
  * genero_dominante: chi2=135.09, dof=24, p=1.84e-17, p_fdr=9.22e-17
      british: top=6 (7.6%), bot=3 (3.8%), lift=+2.00x
      jazz: top=1 (1.3%), bot=1 (1.3%), lift=+1.00x
      study: top=1 (1.3%), bot=1 (1.3%), lift=+1.00x
      sleep: top=5 (6.3%), bot=6 (7.6%), lift=+0.83x
      french: top=0 (0.0%), bot=1 (1.3%), lift=+0.00x

############ CLUSTER 4 (n=1294) ############
  Q25=21.60, Q75=43.38
  Top 25% n=324 | Bot 25% n=325
  Pop media: top=52.06, bot=14.42
  * n_generos: p=1.08e-31, p_fdr=6.76e-31
      top median=1.290, bot median=1.000, diff_abs=+0.280
  * n_artistas: p=1.50e-03, p_fdr=2.68e-03
      top median=1.032, bot median=1.000, diff_abs=+0.073
  * genero_dominante: chi2=521.92, dof=75, p=3.84e-68, p_fdr=4.80e-67
      metalcore: top=25 (7.7%), bot=1 (0.3%), lift=+25.08x
      garage: top=7 (2.2%), bot=1 (0.3%), lift=+7.02x
      punk: top=7 (2.2%), bot=1 (0.3%), lift=+7.02x
      death-metal: top=13 (4.0%), bot=2 (0.6%), lift=+6.52x
      hard-rock: top=10 (3.1%), bot=2 (0.6%), lift=+5.02x

================================================================================
RESUMO POR METRICA (clusters onde a metrica foi significativa)
================================================================================

n_generos: significativo em 4 cluster(s)
  cluster 1: top med=1.000 vs bot med=1.000 (p_fdr=5.24e-06)
  cluster 2: top med=1.102 vs bot med=1.000 (p_fdr=6.49e-10)
  cluster 3: top med=1.000 vs bot med=1.000 (p_fdr=3.80e-05)
  cluster 4: top med=1.290 vs bot med=1.000 (p_fdr=6.76e-31)

n_artistas: significativo em 3 cluster(s)
  cluster 1: top med=1.367 vs bot med=1.231 (p_fdr=6.77e-04)
  cluster 3: top med=1.000 vs bot med=1.400 (p_fdr=1.39e-05)
  cluster 4: top med=1.032 vs bot med=1.000 (p_fdr=2.68e-03)

explicit_rate: significativo em 2 cluster(s)
  cluster 1: top med=0.000 vs bot med=0.000 (p_fdr=2.49e-06)
  cluster 2: top med=0.000 vs bot med=0.000 (p_fdr=1.73e-07)

n_tracks: significativo em 1 cluster(s)
  cluster 1: top med=9.000 vs bot med=10.000 (p_fdr=4.03e-05)

genero_dominante: significativo em 4 cluster(s)
  cluster 1: chi2 p_fdr=6.89e-70
  cluster 2: chi2 p_fdr=5.10e-47
  cluster 3: chi2 p_fdr=9.22e-17
  cluster 4: chi2 p_fdr=4.80e-67

Resultados salvos em analysis_q6_results.json
